2026-06-30 14:13:29 | buyer=Kim qty=5 new_stock=195 student_id=p20240063
2026-06-30 14:14:42 | buyer=buyer3 qty=1 new_stock=199 student_id=p20240063
2026-06-30 14:14:42 | buyer=buyer1 qty=1 new_stock=199 student_id=p20240063
2026-06-30 14:14:42 | buyer=buyer10 qty=1 new_stock=199 student_id=p20240063
2026-06-30 14:14:42 | buyer=buyer23 qty=1 new_stock=199 student_id=p20240063
2026-06-30 14:14:42 | buyer=buyer26 qty=1 new_stock=198 student_id=p20240063
2026-06-30 14:14:42 | buyer=buyer12 qty=1 new_stock=199 student_id=p20240063
2026-06-30 14:14:42 | buyer=buyer7 qty=1 new_stock=199 student_id=p20240063
2026-06-30 14:14:42 | buyer=buyer15 qty=1 new_stock=199 student_id=p20240063
2026-06-30 14:14:42 | buyer=buyer19 qty=1 new_stock=199 student_id=p20240063
2026-06-30 14:14:42 | buyer=buyer14 qty=1 new_stock=199 student_id=p20240063
2026-06-30 14:14:42 | buyer=buyer5 qty=1 new_stock=198 student_id=p20240063
2026-06-30 14:14:42 | buyer=buyer4 qty=1 new_stock=199 student_id=p20240063
2026-06-30 14:14:42 | buyer=buyer16 qty=1 new_stock=198 student_id=p20240063
2026-06-30 14:14:42 | buyer=buyer8 qty=1 new_stock=199 student_id=p20240063
2026-06-30 14:14:42 | buyer=buyer20 qty=1 new_stock=198 student_id=p20240063
2026-06-30 14:14:42 | buyer=buyer24 qty=1 new_stock=198 student_id=p20240063
2026-06-30 14:14:42 | buyer=buyer2 qty=1 new_stock=199 student_id=p20240063
2026-06-30 14:14:42 | buyer=buyer21 qty=1 new_stock=198 student_id=p20240063
2026-06-30 14:14:42 | buyer=buyer36 qty=1 new_stock=198 student_id=p20240063
2026-06-30 14:14:42 | buyer=buyer41 qty=1 new_stock=198 student_id=p20240063
2026-06-30 14:14:42 | buyer=buyer11 qty=1 new_stock=198 student_id=p20240063
2026-06-30 14:14:42 | buyer=buyer18 qty=1 new_stock=198 student_id=p20240063
2026-06-30 14:14:42 | buyer=buyer13 qty=1 new_stock=199 student_id=p20240063
2026-06-30 14:14:42 | buyer=buyer9 qty=1 new_stock=198 student_id=p20240063
2026-06-30 14:14:42 | buyer=buyer37 qty=1 new_stock=198 student_id=p20240063
2026-06-30 14:14:42 | buyer=buyer45 qty=1 new_stock=198 student_id=p20240063
2026-06-30 14:14:42 | buyer=buyer25 qty=1 new_stock=198 student_id=p20240063
2026-06-30 14:14:42 | buyer=buyer6 qty=1 new_stock=199 student_id=p20240063
2026-06-30 14:14:42 | buyer=buyer44 qty=1 new_stock=198 student_id=p20240063
2026-06-30 14:14:42 | buyer=buyer28 qty=1 new_stock=-1 student_id=p20240063
2026-06-30 14:14:42 | buyer=buyer29 qty=1 new_stock=198 student_id=p20240063
2026-06-30 14:14:42 | buyer=buyer43 qty=1 new_stock=198 student_id=p20240063
2026-06-30 14:14:42 | buyer=buyer40 qty=1 new_stock=-1 student_id=p20240063
2026-06-30 14:14:42 | buyer=buyer50 qty=1 new_stock=197 student_id=p20240063
2026-06-30 14:14:42 | buyer=buyer31 qty=1 new_stock=198 student_id=p20240063
2026-06-30 14:14:42 | buyer=buyer38 qty=1 new_stock=197 student_id=p20240063
2026-06-30 14:14:42 | buyer=buyer34 qty=1 new_stock=198 student_id=p20240063
2026-06-30 14:14:42 | buyer=buyer17 qty=1 new_stock=198 student_id=p20240063
2026-06-30 14:14:42 | buyer=buyer27 qty=1 new_stock=198 student_id=p20240063
2026-06-30 14:14:42 | buyer=buyer39 qty=1 new_stock=197 student_id=p20240063
2026-06-30 14:14:42 | buyer=buyer49 qty=1 new_stock=-1 student_id=p20240063
2026-06-30 14:14:42 | buyer=buyer46 qty=1 new_stock=197 student_id=p20240063
2026-06-30 14:14:42 | buyer=buyer22 qty=1 new_stock=197 student_id=p20240063
2026-06-30 14:14:42 | buyer=buyer33 qty=1 new_stock=197 student_id=p20240063
2026-06-30 14:14:42 | buyer=buyer47 qty=1 new_stock=197 student_id=p20240063
2026-06-30 14:14:42 | buyer=buyer48 qty=1 new_stock=197 student_id=p20240063
2026-06-30 14:14:42 | buyer=buyer32 qty=1 new_stock=197 student_id=p20240063
2026-06-30 14:14:42 | buyer=buyer30 qty=1 new_stock=197 student_id=p20240063
2026-06-30 14:14:42 | buyer=buyer42 qty=1 new_stock=197 student_id=p20240063
2026-06-30 14:14:42 | buyer=buyer35 qty=1 new_stock=-1 student_id=p20240063
2026-06-30 14:14:42 | buyer=buyer11 qty=1 new_stock=199 student_id=p20240063
2026-06-30 14:14:42 | buyer=buyer2 qty=1 new_stock=199 student_id=p20240063
2026-06-30 14:14:42 | buyer=buyer3 qty=1 new_stock=199 student_id=p20240063
2026-06-30 14:14:42 | buyer=buyer15 qty=1 new_stock=199 student_id=p20240063
2026-06-30 14:14:42 | buyer=buyer7 qty=1 new_stock=199 student_id=p20240063
2026-06-30 14:14:42 | buyer=buyer23 qty=1 new_stock=198 student_id=p20240063
2026-06-30 14:14:42 | buyer=buyer12 qty=1 new_stock=199 student_id=p20240063
2026-06-30 14:14:42 | buyer=buyer4 qty=1 new_stock=199 student_id=p20240063
2026-06-30 14:14:42 | buyer=buyer8 qty=1 new_stock=199 student_id=p20240063
2026-06-30 14:14:42 | buyer=buyer13 qty=1 new_stock=199 student_id=p20240063
2026-06-30 14:14:42 | buyer=buyer24 qty=1 new_stock=198 student_id=p20240063
2026-06-30 14:14:42 | buyer=buyer28 qty=1 new_stock=199 student_id=p20240063
2026-06-30 14:14:42 | buyer=buyer14 qty=1 new_stock=198 student_id=p20240063
2026-06-30 14:14:42 | buyer=buyer1 qty=1 new_stock=199 student_id=p20240063
2026-06-30 14:14:42 | buyer=buyer19 qty=1 new_stock=199 student_id=p20240063
2026-06-30 14:14:42 | buyer=buyer16 qty=1 new_stock=199 student_id=p20240063
2026-06-30 14:14:42 | buyer=buyer5 qty=1 new_stock=199 student_id=p20240063
2026-06-30 14:14:42 | buyer=buyer20 qty=1 new_stock=198 student_id=p20240063
2026-06-30 14:14:42 | buyer=buyer25 qty=1 new_stock=198 student_id=p20240063
2026-06-30 14:14:42 | buyer=buyer9 qty=1 new_stock=199 student_id=p20240063
2026-06-30 14:14:42 | buyer=buyer18 qty=1 new_stock=198 student_id=p20240063
2026-06-30 14:14:42 | buyer=buyer17 qty=1 new_stock=198 student_id=p20240063
2026-06-30 14:14:42 | buyer=buyer29 qty=1 new_stock=198 student_id=p20240063
2026-06-30 14:14:42 | buyer=buyer10 qty=1 new_stock=198 student_id=p20240063
2026-06-30 14:14:42 | buyer=buyer36 qty=1 new_stock=-1 student_id=p20240063
2026-06-30 14:14:42 | buyer=buyer31 qty=1 new_stock=-1 student_id=p20240063
2026-06-30 14:14:42 | buyer=buyer39 qty=1 new_stock=198 student_id=p20240063
2026-06-30 14:14:42 | buyer=buyer27 qty=1 new_stock=-1 student_id=p20240063
2026-06-30 14:14:42 | buyer=buyer42 qty=1 new_stock=-1 student_id=p20240063
2026-06-30 14:14:42 | buyer=buyer6 qty=1 new_stock=-1 student_id=p20240063
2026-06-30 14:14:42 | buyer=buyer33 qty=1 new_stock=-1 student_id=p20240063
2026-06-30 14:14:42 | buyer=buyer22 qty=1 new_stock=198 student_id=p20240063
2026-06-30 14:14:42 | buyer=buyer30 qty=1 new_stock=197 student_id=p20240063
2026-06-30 14:14:42 | buyer=buyer26 qty=1 new_stock=-1 student_id=p20240063
2026-06-30 14:14:42 | buyer=buyer34 qty=1 new_stock=197 student_id=p20240063
2026-06-30 14:14:42 | buyer=buyer35 qty=1 new_stock=198 student_id=p20240063
2026-06-30 14:14:42 | buyer=buyer21 qty=1 new_stock=197 student_id=p20240063
2026-06-30 14:14:42 | buyer=buyer41 qty=1 new_stock=198 student_id=p20240063
2026-06-30 14:14:42 | buyer=buyer32 qty=1 new_stock=198 student_id=p20240063
2026-06-30 14:14:42 | buyer=buyer38 qty=1 new_stock=197 student_id=p20240063
2026-06-30 14:14:42 | buyer=buyer45 qty=1 new_stock=197 student_id=p20240063
2026-06-30 14:14:42 | buyer=buyer44 qty=1 new_stock=-1 student_id=p20240063
2026-06-30 14:14:42 | buyer=buyer37 qty=1 new_stock=-1 student_id=p20240063
2026-06-30 14:14:42 | buyer=buyer46 qty=1 new_stock=198 student_id=p20240063
2026-06-30 14:14:42 | buyer=buyer3 qty=1 new_stock=199 student_id=p20240063
2026-06-30 14:14:42 | buyer=buyer1 qty=1 new_stock=199 student_id=p20240063
2026-06-30 14:14:42 | buyer=buyer5 qty=1 new_stock=199 student_id=p20240063
2026-06-30 14:14:42 | buyer=buyer2 qty=1 new_stock=199 student_id=p20240063
2026-06-30 14:14:42 | buyer=buyer4 qty=1 new_stock=199 student_id=p20240063
2026-06-30 14:14:42 | buyer=buyer13 qty=1 new_stock=199 student_id=p20240063
2026-06-30 14:14:42 | buyer=buyer6 qty=1 new_stock=199 student_id=p20240063
2026-06-30 14:14:42 | buyer=buyer7 qty=1 new_stock=199 student_id=p20240063
2026-06-30 14:14:42 | buyer=buyer19 qty=1 new_stock=198 student_id=p20240063
2026-06-30 14:14:42 | buyer=buyer14 qty=1 new_stock=199 student_id=p20240063
2026-06-30 14:14:42 | buyer=buyer18 qty=1 new_stock=198 student_id=p20240063
2026-06-30 14:14:42 | buyer=buyer15 qty=1 new_stock=198 student_id=p20240063
2026-06-30 14:14:42 | buyer=buyer16 qty=1 new_stock=198 student_id=p20240063
2026-06-30 14:14:42 | buyer=buyer17 qty=1 new_stock=198 student_id=p20240063
2026-06-30 14:14:42 | buyer=buyer12 qty=1 new_stock=198 student_id=p20240063
2026-06-30 14:14:42 | buyer=buyer11 qty=1 new_stock=198 student_id=p20240063
2026-06-30 14:14:42 | buyer=buyer10 qty=1 new_stock=199 student_id=p20240063
2026-06-30 14:14:42 | buyer=buyer25 qty=1 new_stock=198 student_id=p20240063
2026-06-30 14:14:42 | buyer=buyer9 qty=1 new_stock=199 student_id=p20240063
2026-06-30 14:14:42 | buyer=buyer21 qty=1 new_stock=198 student_id=p20240063
2026-06-30 14:14:42 | buyer=buyer8 qty=1 new_stock=198 student_id=p20240063
2026-06-30 14:14:42 | buyer=buyer26 qty=1 new_stock=198 student_id=p20240063
2026-06-30 14:14:42 | buyer=buyer20 qty=1 new_stock=198 student_id=p20240063
2026-06-30 14:14:42 | buyer=buyer28 qty=1 new_stock=198 student_id=p20240063
2026-06-30 14:14:42 | buyer=buyer34 qty=1 new_stock=198 student_id=p20240063
2026-06-30 14:14:42 | buyer=buyer22 qty=1 new_stock=198 student_id=p20240063
2026-06-30 14:14:42 | buyer=buyer36 qty=1 new_stock=198 student_id=p20240063
2026-06-30 14:14:42 | buyer=buyer23 qty=1 new_stock=198 student_id=p20240063
2026-06-30 14:14:42 | buyer=buyer33 qty=1 new_stock=198 student_id=p20240063
2026-06-30 14:14:42 | buyer=buyer29 qty=1 new_stock=198 student_id=p20240063
2026-06-30 14:14:42 | buyer=buyer37 qty=1 new_stock=198 student_id=p20240063
2026-06-30 14:14:42 | buyer=buyer30 qty=1 new_stock=198 student_id=p20240063
2026-06-30 14:14:42 | buyer=buyer27 qty=1 new_stock=198 student_id=p20240063
2026-06-30 14:14:42 | buyer=buyer31 qty=1 new_stock=197 student_id=p20240063
2026-06-30 14:14:42 | buyer=buyer35 qty=1 new_stock=-1 student_id=p20240063
2026-06-30 14:14:42 | buyer=buyer24 qty=1 new_stock=197 student_id=p20240063
2026-06-30 14:14:42 | buyer=buyer42 qty=1 new_stock=197 student_id=p20240063
2026-06-30 14:14:42 | buyer=buyer32 qty=1 new_stock=-1 student_id=p20240063
2026-06-30 14:14:42 | buyer=buyer49 qty=1 new_stock=197 student_id=p20240063
2026-06-30 14:14:42 | buyer=buyer40 qty=1 new_stock=197 student_id=p20240063
2026-06-30 14:14:42 | buyer=buyer38 qty=1 new_stock=-1 student_id=p20240063
2026-06-30 14:14:42 | buyer=buyer41 qty=1 new_stock=197 student_id=p20240063
2026-06-30 14:14:42 | buyer=buyer45 qty=1 new_stock=197 student_id=p20240063
2026-06-30 14:14:42 | buyer=buyer39 qty=1 new_stock=-1 student_id=p20240063
2026-06-30 14:14:42 | buyer=buyer48 qty=1 new_stock=197 student_id=p20240063
2026-06-30 14:14:42 | buyer=buyer46 qty=1 new_stock=197 student_id=p20240063
2026-06-30 14:14:42 | buyer=buyer47 qty=1 new_stock=196 student_id=p20240063
2026-06-30 14:14:42 | buyer=buyer44 qty=1 new_stock=196 student_id=p20240063
2026-06-30 14:14:42 | buyer=buyer50 qty=1 new_stock=197 student_id=p20240063
2026-06-30 14:14:42 | buyer=buyer43 qty=1 new_stock=196 student_id=p20240063
2026-06-30 14:14:42 | buyer=buyer11 qty=1 new_stock=199 student_id=p20240063
2026-06-30 14:14:42 | buyer=buyer1 qty=1 new_stock=199 student_id=p20240063
2026-06-30 14:14:42 | buyer=buyer3 qty=1 new_stock=199 student_id=p20240063
2026-06-30 14:14:42 | buyer=buyer4 qty=1 new_stock=199 student_id=p20240063
2026-06-30 14:14:42 | buyer=buyer14 qty=1 new_stock=199 student_id=p20240063
2026-06-30 14:14:42 | buyer=buyer2 qty=1 new_stock=199 student_id=p20240063
2026-06-30 14:14:42 | buyer=buyer5 qty=1 new_stock=199 student_id=p20240063
2026-06-30 14:14:42 | buyer=buyer23 qty=1 new_stock=198 student_id=p20240063
2026-06-30 14:14:42 | buyer=buyer17 qty=1 new_stock=198 student_id=p20240063
2026-06-30 14:14:42 | buyer=buyer7 qty=1 new_stock=199 student_id=p20240063
2026-06-30 14:14:42 | buyer=buyer15 qty=1 new_stock=199 student_id=p20240063
2026-06-30 14:14:42 | buyer=buyer16 qty=1 new_stock=198 student_id=p20240063
2026-06-30 14:14:42 | buyer=buyer33 qty=1 new_stock=198 student_id=p20240063
2026-06-30 14:14:42 | buyer=buyer20 qty=1 new_stock=198 student_id=p20240063
2026-06-30 14:14:42 | buyer=buyer22 qty=1 new_stock=199 student_id=p20240063
2026-06-30 14:14:42 | buyer=buyer13 qty=1 new_stock=199 student_id=p20240063
2026-06-30 14:14:42 | buyer=buyer21 qty=1 new_stock=198 student_id=p20240063
2026-06-30 14:14:42 | buyer=buyer19 qty=1 new_stock=198 student_id=p20240063
2026-06-30 14:14:42 | buyer=buyer9 qty=1 new_stock=198 student_id=p20240063
2026-06-30 14:14:42 | buyer=buyer10 qty=1 new_stock=199 student_id=p20240063
2026-06-30 14:14:42 | buyer=buyer28 qty=1 new_stock=198 student_id=p20240063
2026-06-30 14:14:42 | buyer=buyer37 qty=1 new_stock=198 student_id=p20240063
2026-06-30 14:14:42 | buyer=buyer8 qty=1 new_stock=199 student_id=p20240063
2026-06-30 14:14:42 | buyer=buyer24 qty=1 new_stock=198 student_id=p20240063
2026-06-30 14:14:42 | buyer=buyer6 qty=1 new_stock=198 student_id=p20240063
2026-06-30 14:14:42 | buyer=buyer18 qty=1 new_stock=198 student_id=p20240063
2026-06-30 14:14:42 | buyer=buyer31 qty=1 new_stock=198 student_id=p20240063
2026-06-30 14:14:42 | buyer=buyer45 qty=1 new_stock=198 student_id=p20240063
2026-06-30 14:14:42 | buyer=buyer29 qty=1 new_stock=198 student_id=p20240063
2026-06-30 14:14:42 | buyer=buyer25 qty=1 new_stock=198 student_id=p20240063
2026-06-30 14:14:42 | buyer=buyer27 qty=1 new_stock=198 student_id=p20240063
2026-06-30 14:14:42 | buyer=buyer48 qty=1 new_stock=198 student_id=p20240063
2026-06-30 14:14:42 | buyer=buyer43 qty=1 new_stock=198 student_id=p20240063
2026-06-30 14:14:42 | buyer=buyer40 qty=1 new_stock=198 student_id=p20240063
2026-06-30 14:14:42 | buyer=buyer39 qty=1 new_stock=198 student_id=p20240063
2026-06-30 14:14:42 | buyer=buyer12 qty=1 new_stock=198 student_id=p20240063
2026-06-30 14:14:42 | buyer=buyer26 qty=1 new_stock=197 student_id=p20240063
2026-06-30 14:14:42 | buyer=buyer38 qty=1 new_stock=198 student_id=p20240063
2026-06-30 14:14:42 | buyer=buyer30 qty=1 new_stock=197 student_id=p20240063
2026-06-30 14:14:42 | buyer=buyer50 qty=1 new_stock=197 student_id=p20240063
2026-06-30 14:14:42 | buyer=buyer32 qty=1 new_stock=198 student_id=p20240063
2026-06-30 14:14:42 | buyer=buyer46 qty=1 new_stock=197 student_id=p20240063
2026-06-30 14:14:42 | buyer=buyer41 qty=1 new_stock=197 student_id=p20240063
2026-06-30 14:14:42 | buyer=buyer42 qty=1 new_stock=197 student_id=p20240063
2026-06-30 14:14:42 | buyer=buyer35 qty=1 new_stock=-1 student_id=p20240063
2026-06-30 14:14:42 | buyer=buyer44 qty=1 new_stock=197 student_id=p20240063
2026-06-30 14:14:42 | buyer=buyer36 qty=1 new_stock=-1 student_id=p20240063
2026-06-30 14:14:42 | buyer=buyer34 qty=1 new_stock=-1 student_id=p20240063
2026-06-30 14:14:42 | buyer=buyer47 qty=1 new_stock=197 student_id=p20240063
2026-06-30 14:14:42 | buyer=buyer49 qty=1 new_stock=196 student_id=p20240063
2026-06-30 14:19:13 | buyer=buyer1 qty=1 new_stock=199 student_id=p20240063
2026-06-30 14:19:13 | buyer=buyer25 qty=1 new_stock=198 student_id=p20240063
2026-06-30 14:19:13 | buyer=buyer38 qty=1 new_stock=197 student_id=p20240063
2026-06-30 14:19:13 | buyer=buyer3 qty=1 new_stock=196 student_id=p20240063
2026-06-30 14:19:13 | buyer=buyer33 qty=1 new_stock=195 student_id=p20240063
2026-06-30 14:19:13 | buyer=buyer13 qty=1 new_stock=194 student_id=p20240063
2026-06-30 14:19:13 | buyer=buyer35 qty=1 new_stock=193 student_id=p20240063
2026-06-30 14:19:13 | buyer=buyer26 qty=1 new_stock=192 student_id=p20240063
2026-06-30 14:19:13 | buyer=buyer36 qty=1 new_stock=191 student_id=p20240063
2026-06-30 14:19:13 | buyer=buyer23 qty=1 new_stock=190 student_id=p20240063
2026-06-30 14:19:13 | buyer=buyer49 qty=1 new_stock=189 student_id=p20240063
2026-06-30 14:19:13 | buyer=buyer4 qty=1 new_stock=188 student_id=p20240063
2026-06-30 14:19:13 | buyer=buyer40 qty=1 new_stock=187 student_id=p20240063
2026-06-30 14:19:13 | buyer=buyer29 qty=1 new_stock=186 student_id=p20240063
2026-06-30 14:19:13 | buyer=buyer2 qty=1 new_stock=185 student_id=p20240063
2026-06-30 14:19:13 | buyer=buyer41 qty=1 new_stock=184 student_id=p20240063
2026-06-30 14:19:13 | buyer=buyer44 qty=1 new_stock=183 student_id=p20240063
2026-06-30 14:19:13 | buyer=buyer7 qty=1 new_stock=182 student_id=p20240063
2026-06-30 14:19:13 | buyer=buyer48 qty=1 new_stock=181 student_id=p20240063
2026-06-30 14:19:13 | buyer=buyer39 qty=1 new_stock=180 student_id=p20240063
2026-06-30 14:19:13 | buyer=buyer37 qty=1 new_stock=179 student_id=p20240063
2026-06-30 14:19:13 | buyer=buyer42 qty=1 new_stock=178 student_id=p20240063
2026-06-30 14:19:13 | buyer=buyer14 qty=1 new_stock=177 student_id=p20240063
2026-06-30 14:19:13 | buyer=buyer6 qty=1 new_stock=176 student_id=p20240063
2026-06-30 14:19:13 | buyer=buyer11 qty=1 new_stock=175 student_id=p20240063
2026-06-30 14:19:13 | buyer=buyer8 qty=1 new_stock=174 student_id=p20240063
2026-06-30 14:19:13 | buyer=buyer16 qty=1 new_stock=173 student_id=p20240063
2026-06-30 14:19:13 | buyer=buyer10 qty=1 new_stock=172 student_id=p20240063
2026-06-30 14:19:13 | buyer=buyer5 qty=1 new_stock=171 student_id=p20240063
2026-06-30 14:19:13 | buyer=buyer34 qty=1 new_stock=170 student_id=p20240063
2026-06-30 14:19:14 | buyer=buyer17 qty=1 new_stock=169 student_id=p20240063
2026-06-30 14:19:14 | buyer=buyer20 qty=1 new_stock=168 student_id=p20240063
2026-06-30 14:19:14 | buyer=buyer22 qty=1 new_stock=167 student_id=p20240063
2026-06-30 14:19:14 | buyer=buyer12 qty=1 new_stock=166 student_id=p20240063
2026-06-30 14:19:14 | buyer=buyer21 qty=1 new_stock=165 student_id=p20240063
2026-06-30 14:19:14 | buyer=buyer15 qty=1 new_stock=164 student_id=p20240063
2026-06-30 14:19:14 | buyer=buyer28 qty=1 new_stock=163 student_id=p20240063
2026-06-30 14:19:14 | buyer=buyer18 qty=1 new_stock=162 student_id=p20240063
2026-06-30 14:19:14 | buyer=buyer24 qty=1 new_stock=161 student_id=p20240063
2026-06-30 14:19:14 | buyer=buyer31 qty=1 new_stock=160 student_id=p20240063
2026-06-30 14:19:14 | buyer=buyer30 qty=1 new_stock=159 student_id=p20240063
2026-06-30 14:19:14 | buyer=buyer32 qty=1 new_stock=158 student_id=p20240063
2026-06-30 14:19:14 | buyer=buyer9 qty=1 new_stock=157 student_id=p20240063
2026-06-30 14:19:14 | buyer=buyer45 qty=1 new_stock=156 student_id=p20240063
2026-06-30 14:19:14 | buyer=buyer27 qty=1 new_stock=155 student_id=p20240063
2026-06-30 14:19:14 | buyer=buyer19 qty=1 new_stock=154 student_id=p20240063
2026-06-30 14:19:14 | buyer=buyer47 qty=1 new_stock=153 student_id=p20240063
2026-06-30 14:19:14 | buyer=buyer46 qty=1 new_stock=152 student_id=p20240063
2026-06-30 14:19:14 | buyer=buyer43 qty=1 new_stock=151 student_id=p20240063
2026-06-30 14:19:14 | buyer=buyer50 qty=1 new_stock=150 student_id=p20240063
2026-06-30 14:19:14 | buyer=buyer2 qty=1 new_stock=199 student_id=p20240063
2026-06-30 14:19:14 | buyer=buyer1 qty=1 new_stock=198 student_id=p20240063
2026-06-30 14:19:14 | buyer=buyer13 qty=1 new_stock=197 student_id=p20240063
2026-06-30 14:19:14 | buyer=buyer4 qty=1 new_stock=196 student_id=p20240063
2026-06-30 14:19:14 | buyer=buyer8 qty=1 new_stock=195 student_id=p20240063
2026-06-30 14:19:14 | buyer=buyer7 qty=1 new_stock=194 student_id=p20240063
2026-06-30 14:19:14 | buyer=buyer10 qty=1 new_stock=193 student_id=p20240063
2026-06-30 14:19:14 | buyer=buyer5 qty=1 new_stock=192 student_id=p20240063
2026-06-30 14:19:14 | buyer=buyer11 qty=1 new_stock=191 student_id=p20240063
2026-06-30 14:19:14 | buyer=buyer3 qty=1 new_stock=190 student_id=p20240063
2026-06-30 14:19:14 | buyer=buyer18 qty=1 new_stock=189 student_id=p20240063
2026-06-30 14:19:14 | buyer=buyer20 qty=1 new_stock=188 student_id=p20240063
2026-06-30 14:19:14 | buyer=buyer9 qty=1 new_stock=187 student_id=p20240063
2026-06-30 14:19:14 | buyer=buyer24 qty=1 new_stock=186 student_id=p20240063
2026-06-30 14:19:14 | buyer=buyer28 qty=1 new_stock=185 student_id=p20240063
2026-06-30 14:19:14 | buyer=buyer17 qty=1 new_stock=184 student_id=p20240063
2026-06-30 14:19:14 | buyer=buyer14 qty=1 new_stock=183 student_id=p20240063
2026-06-30 14:19:14 | buyer=buyer16 qty=1 new_stock=182 student_id=p20240063
2026-06-30 14:19:14 | buyer=buyer27 qty=1 new_stock=181 student_id=p20240063
2026-06-30 14:19:14 | buyer=buyer6 qty=1 new_stock=180 student_id=p20240063
2026-06-30 14:19:14 | buyer=buyer21 qty=1 new_stock=179 student_id=p20240063
2026-06-30 14:19:14 | buyer=buyer26 qty=1 new_stock=178 student_id=p20240063
2026-06-30 14:19:14 | buyer=buyer22 qty=1 new_stock=177 student_id=p20240063
2026-06-30 14:19:14 | buyer=buyer29 qty=1 new_stock=176 student_id=p20240063
2026-06-30 14:19:14 | buyer=buyer30 qty=1 new_stock=175 student_id=p20240063
2026-06-30 14:19:14 | buyer=buyer23 qty=1 new_stock=174 student_id=p20240063
2026-06-30 14:19:14 | buyer=buyer12 qty=1 new_stock=173 student_id=p20240063
2026-06-30 14:19:14 | buyer=buyer19 qty=1 new_stock=172 student_id=p20240063
2026-06-30 14:19:14 | buyer=buyer31 qty=1 new_stock=171 student_id=p20240063
2026-06-30 14:19:14 | buyer=buyer36 qty=1 new_stock=170 student_id=p20240063
2026-06-30 14:19:14 | buyer=buyer32 qty=1 new_stock=169 student_id=p20240063
2026-06-30 14:19:14 | buyer=buyer25 qty=1 new_stock=168 student_id=p20240063
2026-06-30 14:19:14 | buyer=buyer15 qty=1 new_stock=167 student_id=p20240063
2026-06-30 14:19:14 | buyer=buyer37 qty=1 new_stock=166 student_id=p20240063
2026-06-30 14:19:14 | buyer=buyer38 qty=1 new_stock=165 student_id=p20240063
2026-06-30 14:19:14 | buyer=buyer39 qty=1 new_stock=164 student_id=p20240063
2026-06-30 14:19:14 | buyer=buyer34 qty=1 new_stock=163 student_id=p20240063
2026-06-30 14:19:14 | buyer=buyer33 qty=1 new_stock=162 student_id=p20240063
2026-06-30 14:19:14 | buyer=buyer41 qty=1 new_stock=161 student_id=p20240063
2026-06-30 14:19:14 | buyer=buyer35 qty=1 new_stock=160 student_id=p20240063
2026-06-30 14:19:14 | buyer=buyer43 qty=1 new_stock=159 student_id=p20240063
2026-06-30 14:19:14 | buyer=buyer48 qty=1 new_stock=158 student_id=p20240063
2026-06-30 14:19:14 | buyer=buyer49 qty=1 new_stock=157 student_id=p20240063
2026-06-30 14:19:14 | buyer=buyer45 qty=1 new_stock=156 student_id=p20240063
2026-06-30 14:19:15 | buyer=buyer40 qty=1 new_stock=155 student_id=p20240063
2026-06-30 14:19:15 | buyer=buyer47 qty=1 new_stock=154 student_id=p20240063
2026-06-30 14:19:15 | buyer=buyer42 qty=1 new_stock=153 student_id=p20240063
2026-06-30 14:19:15 | buyer=buyer44 qty=1 new_stock=152 student_id=p20240063
2026-06-30 14:19:15 | buyer=buyer46 qty=1 new_stock=151 student_id=p20240063
2026-06-30 14:19:15 | buyer=buyer50 qty=1 new_stock=150 student_id=p20240063
2026-06-30 14:19:15 | buyer=buyer2 qty=1 new_stock=199 student_id=p20240063
2026-06-30 14:19:15 | buyer=buyer15 qty=1 new_stock=198 student_id=p20240063
2026-06-30 14:19:15 | buyer=buyer29 qty=1 new_stock=197 student_id=p20240063
2026-06-30 14:19:15 | buyer=buyer33 qty=1 new_stock=196 student_id=p20240063
2026-06-30 14:19:15 | buyer=buyer8 qty=1 new_stock=195 student_id=p20240063
2026-06-30 14:19:15 | buyer=buyer41 qty=1 new_stock=194 student_id=p20240063
2026-06-30 14:19:15 | buyer=buyer28 qty=1 new_stock=193 student_id=p20240063
2026-06-30 14:19:15 | buyer=buyer6 qty=1 new_stock=192 student_id=p20240063
2026-06-30 14:19:15 | buyer=buyer1 qty=1 new_stock=191 student_id=p20240063
2026-06-30 14:19:15 | buyer=buyer4 qty=1 new_stock=190 student_id=p20240063
2026-06-30 14:19:15 | buyer=buyer7 qty=1 new_stock=189 student_id=p20240063
2026-06-30 14:19:15 | buyer=buyer42 qty=1 new_stock=188 student_id=p20240063
2026-06-30 14:19:15 | buyer=buyer43 qty=1 new_stock=187 student_id=p20240063
2026-06-30 14:19:15 | buyer=buyer31 qty=1 new_stock=186 student_id=p20240063
2026-06-30 14:19:15 | buyer=buyer40 qty=1 new_stock=185 student_id=p20240063
2026-06-30 14:19:15 | buyer=buyer30 qty=1 new_stock=184 student_id=p20240063
2026-06-30 14:19:15 | buyer=buyer39 qty=1 new_stock=183 student_id=p20240063
2026-06-30 14:19:15 | buyer=buyer35 qty=1 new_stock=182 student_id=p20240063
2026-06-30 14:19:15 | buyer=buyer11 qty=1 new_stock=181 student_id=p20240063
2026-06-30 14:19:15 | buyer=buyer12 qty=1 new_stock=180 student_id=p20240063
2026-06-30 14:19:15 | buyer=buyer36 qty=1 new_stock=179 student_id=p20240063
2026-06-30 14:19:15 | buyer=buyer5 qty=1 new_stock=178 student_id=p20240063
2026-06-30 14:19:15 | buyer=buyer24 qty=1 new_stock=177 student_id=p20240063
2026-06-30 14:19:15 | buyer=buyer34 qty=1 new_stock=176 student_id=p20240063
2026-06-30 14:19:15 | buyer=buyer37 qty=1 new_stock=175 student_id=p20240063
2026-06-30 14:19:15 | buyer=buyer3 qty=1 new_stock=174 student_id=p20240063
2026-06-30 14:19:15 | buyer=buyer26 qty=1 new_stock=173 student_id=p20240063
2026-06-30 14:19:15 | buyer=buyer22 qty=1 new_stock=172 student_id=p20240063
2026-06-30 14:19:15 | buyer=buyer9 qty=1 new_stock=171 student_id=p20240063
2026-06-30 14:19:15 | buyer=buyer27 qty=1 new_stock=170 student_id=p20240063
2026-06-30 14:19:15 | buyer=buyer10 qty=1 new_stock=169 student_id=p20240063
2026-06-30 14:19:15 | buyer=buyer20 qty=1 new_stock=168 student_id=p20240063
2026-06-30 14:19:15 | buyer=buyer44 qty=1 new_stock=167 student_id=p20240063
2026-06-30 14:19:15 | buyer=buyer18 qty=1 new_stock=166 student_id=p20240063
2026-06-30 14:19:15 | buyer=buyer13 qty=1 new_stock=165 student_id=p20240063
2026-06-30 14:19:15 | buyer=buyer45 qty=1 new_stock=164 student_id=p20240063
2026-06-30 14:19:15 | buyer=buyer50 qty=1 new_stock=163 student_id=p20240063
2026-06-30 14:19:15 | buyer=buyer17 qty=1 new_stock=162 student_id=p20240063
2026-06-30 14:19:15 | buyer=buyer23 qty=1 new_stock=161 student_id=p20240063
2026-06-30 14:19:15 | buyer=buyer21 qty=1 new_stock=160 student_id=p20240063
2026-06-30 14:19:15 | buyer=buyer14 qty=1 new_stock=159 student_id=p20240063
2026-06-30 14:19:15 | buyer=buyer16 qty=1 new_stock=158 student_id=p20240063
2026-06-30 14:19:15 | buyer=buyer25 qty=1 new_stock=157 student_id=p20240063
2026-06-30 14:19:15 | buyer=buyer19 qty=1 new_stock=156 student_id=p20240063
2026-06-30 14:19:15 | buyer=buyer38 qty=1 new_stock=155 student_id=p20240063
2026-06-30 14:19:15 | buyer=buyer32 qty=1 new_stock=154 student_id=p20240063
2026-06-30 14:19:15 | buyer=buyer46 qty=1 new_stock=153 student_id=p20240063
2026-06-30 14:19:15 | buyer=buyer49 qty=1 new_stock=152 student_id=p20240063
2026-06-30 14:19:15 | buyer=buyer48 qty=1 new_stock=151 student_id=p20240063
2026-06-30 14:19:15 | buyer=buyer47 qty=1 new_stock=150 student_id=p20240063
2026-06-30 14:19:35 | buyer=buyer3 qty=1 new_stock=199 student_id=p20240063
2026-06-30 14:19:35 | buyer=buyer26 qty=1 new_stock=198 student_id=p20240063
2026-06-30 14:19:35 | buyer=buyer31 qty=1 new_stock=197 student_id=p20240063
2026-06-30 14:19:35 | buyer=buyer41 qty=1 new_stock=196 student_id=p20240063
2026-06-30 14:19:35 | buyer=buyer40 qty=1 new_stock=195 student_id=p20240063
2026-06-30 14:19:35 | buyer=buyer23 qty=1 new_stock=194 student_id=p20240063
2026-06-30 14:19:35 | buyer=buyer8 qty=1 new_stock=193 student_id=p20240063
2026-06-30 14:19:35 | buyer=buyer30 qty=1 new_stock=192 student_id=p20240063
2026-06-30 14:19:35 | buyer=buyer39 qty=1 new_stock=191 student_id=p20240063
2026-06-30 14:19:35 | buyer=buyer43 qty=1 new_stock=190 student_id=p20240063
2026-06-30 14:19:35 | buyer=buyer35 qty=1 new_stock=189 student_id=p20240063
2026-06-30 14:19:35 | buyer=buyer46 qty=1 new_stock=188 student_id=p20240063
2026-06-30 14:19:35 | buyer=buyer13 qty=1 new_stock=187 student_id=p20240063
2026-06-30 14:19:35 | buyer=buyer1 qty=1 new_stock=186 student_id=p20240063
2026-06-30 14:19:35 | buyer=buyer4 qty=1 new_stock=185 student_id=p20240063
2026-06-30 14:19:35 | buyer=buyer10 qty=1 new_stock=184 student_id=p20240063
2026-06-30 14:19:35 | buyer=buyer2 qty=1 new_stock=183 student_id=p20240063
2026-06-30 14:19:35 | buyer=buyer37 qty=1 new_stock=182 student_id=p20240063
2026-06-30 14:19:35 | buyer=buyer7 qty=1 new_stock=181 student_id=p20240063
2026-06-30 14:19:35 | buyer=buyer11 qty=1 new_stock=180 student_id=p20240063
2026-06-30 14:19:35 | buyer=buyer6 qty=1 new_stock=179 student_id=p20240063
2026-06-30 14:19:35 | buyer=buyer16 qty=1 new_stock=178 student_id=p20240063
2026-06-30 14:19:35 | buyer=buyer5 qty=1 new_stock=177 student_id=p20240063
2026-06-30 14:19:35 | buyer=buyer9 qty=1 new_stock=176 student_id=p20240063
2026-06-30 14:19:35 | buyer=buyer17 qty=1 new_stock=175 student_id=p20240063
2026-06-30 14:19:35 | buyer=buyer32 qty=1 new_stock=174 student_id=p20240063
2026-06-30 14:19:35 | buyer=buyer44 qty=1 new_stock=173 student_id=p20240063
2026-06-30 14:19:35 | buyer=buyer18 qty=1 new_stock=172 student_id=p20240063
2026-06-30 14:19:35 | buyer=buyer45 qty=1 new_stock=171 student_id=p20240063
2026-06-30 14:19:35 | buyer=buyer29 qty=1 new_stock=170 student_id=p20240063
2026-06-30 14:19:35 | buyer=buyer15 qty=1 new_stock=169 student_id=p20240063
2026-06-30 14:19:35 | buyer=buyer24 qty=1 new_stock=168 student_id=p20240063
2026-06-30 14:19:35 | buyer=buyer19 qty=1 new_stock=167 student_id=p20240063
2026-06-30 14:19:35 | buyer=buyer12 qty=1 new_stock=166 student_id=p20240063
2026-06-30 14:19:35 | buyer=buyer22 qty=1 new_stock=165 student_id=p20240063
2026-06-30 14:19:35 | buyer=buyer28 qty=1 new_stock=164 student_id=p20240063
2026-06-30 14:19:35 | buyer=buyer47 qty=1 new_stock=163 student_id=p20240063
2026-06-30 14:19:35 | buyer=buyer14 qty=1 new_stock=162 student_id=p20240063
2026-06-30 14:19:36 | buyer=buyer27 qty=1 new_stock=161 student_id=p20240063
2026-06-30 14:19:36 | buyer=buyer33 qty=1 new_stock=160 student_id=p20240063
2026-06-30 14:19:36 | buyer=buyer34 qty=1 new_stock=159 student_id=p20240063
2026-06-30 14:19:36 | buyer=buyer36 qty=1 new_stock=158 student_id=p20240063
2026-06-30 14:19:36 | buyer=buyer20 qty=1 new_stock=157 student_id=p20240063
2026-06-30 14:19:36 | buyer=buyer25 qty=1 new_stock=156 student_id=p20240063
2026-06-30 14:19:36 | buyer=buyer42 qty=1 new_stock=155 student_id=p20240063
2026-06-30 14:19:36 | buyer=buyer50 qty=1 new_stock=154 student_id=p20240063
2026-06-30 14:19:36 | buyer=buyer21 qty=1 new_stock=153 student_id=p20240063
2026-06-30 14:19:36 | buyer=buyer38 qty=1 new_stock=152 student_id=p20240063
2026-06-30 14:19:36 | buyer=buyer49 qty=1 new_stock=151 student_id=p20240063
2026-06-30 14:19:36 | buyer=buyer48 qty=1 new_stock=150 student_id=p20240063
2026-06-30 14:43:31 | buyer=Alice qty=5 new_stock=195 student_id=p20240063
2026-06-30 14:43:31 | buyer=buyer2 qty=1 new_stock=199 student_id=p20240063
2026-06-30 14:43:31 | buyer=buyer21 qty=1 new_stock=198 student_id=p20240063
2026-06-30 14:43:31 | buyer=buyer30 qty=1 new_stock=197 student_id=p20240063
2026-06-30 14:43:31 | buyer=buyer29 qty=1 new_stock=196 student_id=p20240063
2026-06-30 14:43:31 | buyer=buyer17 qty=1 new_stock=195 student_id=p20240063
2026-06-30 14:43:31 | buyer=buyer4 qty=1 new_stock=194 student_id=p20240063
2026-06-30 14:43:31 | buyer=buyer22 qty=1 new_stock=193 student_id=p20240063
2026-06-30 14:43:31 | buyer=buyer20 qty=1 new_stock=192 student_id=p20240063
2026-06-30 14:43:31 | buyer=buyer5 qty=1 new_stock=191 student_id=p20240063
2026-06-30 14:43:31 | buyer=buyer23 qty=1 new_stock=190 student_id=p20240063
2026-06-30 14:43:31 | buyer=buyer33 qty=1 new_stock=189 student_id=p20240063
2026-06-30 14:43:31 | buyer=buyer19 qty=1 new_stock=188 student_id=p20240063
2026-06-30 14:43:31 | buyer=buyer18 qty=1 new_stock=187 student_id=p20240063
2026-06-30 14:43:31 | buyer=buyer1 qty=1 new_stock=186 student_id=p20240063
2026-06-30 14:43:31 | buyer=buyer8 qty=1 new_stock=185 student_id=p20240063
2026-06-30 14:43:31 | buyer=buyer32 qty=1 new_stock=184 student_id=p20240063
2026-06-30 14:43:31 | buyer=buyer44 qty=1 new_stock=183 student_id=p20240063
2026-06-30 14:43:31 | buyer=buyer9 qty=1 new_stock=182 student_id=p20240063
2026-06-30 14:43:31 | buyer=buyer6 qty=1 new_stock=181 student_id=p20240063
2026-06-30 14:43:31 | buyer=buyer15 qty=1 new_stock=180 student_id=p20240063
2026-06-30 14:43:31 | buyer=buyer7 qty=1 new_stock=179 student_id=p20240063
2026-06-30 14:43:31 | buyer=buyer14 qty=1 new_stock=178 student_id=p20240063
2026-06-30 14:43:31 | buyer=buyer3 qty=1 new_stock=177 student_id=p20240063
2026-06-30 14:43:31 | buyer=buyer12 qty=1 new_stock=176 student_id=p20240063
2026-06-30 14:43:31 | buyer=buyer42 qty=1 new_stock=175 student_id=p20240063
2026-06-30 14:43:31 | buyer=buyer16 qty=1 new_stock=174 student_id=p20240063
2026-06-30 14:43:31 | buyer=buyer24 qty=1 new_stock=173 student_id=p20240063
2026-06-30 14:43:31 | buyer=buyer25 qty=1 new_stock=172 student_id=p20240063
2026-06-30 14:43:31 | buyer=buyer26 qty=1 new_stock=171 student_id=p20240063
2026-06-30 14:43:31 | buyer=buyer10 qty=1 new_stock=170 student_id=p20240063
2026-06-30 14:43:31 | buyer=buyer39 qty=1 new_stock=169 student_id=p20240063
2026-06-30 14:43:31 | buyer=buyer28 qty=1 new_stock=168 student_id=p20240063
2026-06-30 14:43:31 | buyer=buyer13 qty=1 new_stock=167 student_id=p20240063
2026-06-30 14:43:31 | buyer=buyer27 qty=1 new_stock=166 student_id=p20240063
2026-06-30 14:43:31 | buyer=buyer35 qty=1 new_stock=165 student_id=p20240063
2026-06-30 14:43:31 | buyer=buyer11 qty=1 new_stock=164 student_id=p20240063
2026-06-30 14:43:31 | buyer=buyer38 qty=1 new_stock=163 student_id=p20240063
2026-06-30 14:43:31 | buyer=buyer31 qty=1 new_stock=162 student_id=p20240063
2026-06-30 14:43:31 | buyer=buyer40 qty=1 new_stock=161 student_id=p20240063
2026-06-30 14:43:31 | buyer=buyer34 qty=1 new_stock=160 student_id=p20240063
2026-06-30 14:43:31 | buyer=buyer36 qty=1 new_stock=159 student_id=p20240063
2026-06-30 14:43:31 | buyer=buyer45 qty=1 new_stock=158 student_id=p20240063
2026-06-30 14:43:31 | buyer=buyer37 qty=1 new_stock=157 student_id=p20240063
2026-06-30 14:43:32 | buyer=buyer46 qty=1 new_stock=156 student_id=p20240063
2026-06-30 14:43:32 | buyer=buyer41 qty=1 new_stock=155 student_id=p20240063
2026-06-30 14:43:32 | buyer=buyer48 qty=1 new_stock=154 student_id=p20240063
2026-06-30 14:43:32 | buyer=buyer47 qty=1 new_stock=153 student_id=p20240063
2026-06-30 14:43:32 | buyer=buyer43 qty=1 new_stock=152 student_id=p20240063
2026-06-30 14:43:32 | buyer=buyer50 qty=1 new_stock=151 student_id=p20240063
2026-06-30 14:43:32 | buyer=buyer49 qty=1 new_stock=150 student_id=p20240063
2026-06-30 14:43:32 | buyer=buyer1 qty=1 new_stock=199 student_id=p20240063
2026-06-30 14:43:32 | buyer=buyer24 qty=1 new_stock=198 student_id=p20240063
2026-06-30 14:43:32 | buyer=buyer36 qty=1 new_stock=197 student_id=p20240063
2026-06-30 14:43:32 | buyer=buyer20 qty=1 new_stock=196 student_id=p20240063
2026-06-30 14:43:32 | buyer=buyer18 qty=1 new_stock=195 student_id=p20240063
2026-06-30 14:43:32 | buyer=buyer22 qty=1 new_stock=194 student_id=p20240063
2026-06-30 14:43:32 | buyer=buyer3 qty=1 new_stock=193 student_id=p20240063
2026-06-30 14:43:32 | buyer=buyer30 qty=1 new_stock=192 student_id=p20240063
2026-06-30 14:43:32 | buyer=buyer5 qty=1 new_stock=191 student_id=p20240063
2026-06-30 14:43:32 | buyer=buyer32 qty=1 new_stock=190 student_id=p20240063
2026-06-30 14:43:32 | buyer=buyer11 qty=1 new_stock=189 student_id=p20240063
2026-06-30 14:43:32 | buyer=buyer28 qty=1 new_stock=188 student_id=p20240063
2026-06-30 14:43:32 | buyer=buyer4 qty=1 new_stock=187 student_id=p20240063
2026-06-30 14:43:32 | buyer=buyer7 qty=1 new_stock=186 student_id=p20240063
2026-06-30 14:43:32 | buyer=buyer31 qty=1 new_stock=185 student_id=p20240063
2026-06-30 14:43:32 | buyer=buyer38 qty=1 new_stock=184 student_id=p20240063
2026-06-30 14:43:32 | buyer=buyer6 qty=1 new_stock=183 student_id=p20240063
2026-06-30 14:43:32 | buyer=buyer16 qty=1 new_stock=182 student_id=p20240063
2026-06-30 14:43:32 | buyer=buyer34 qty=1 new_stock=181 student_id=p20240063
2026-06-30 14:43:32 | buyer=buyer37 qty=1 new_stock=180 student_id=p20240063
2026-06-30 14:43:32 | buyer=buyer43 qty=1 new_stock=179 student_id=p20240063
2026-06-30 14:43:32 | buyer=buyer21 qty=1 new_stock=178 student_id=p20240063
2026-06-30 14:43:32 | buyer=buyer12 qty=1 new_stock=177 student_id=p20240063
2026-06-30 14:43:32 | buyer=buyer25 qty=1 new_stock=176 student_id=p20240063
2026-06-30 14:43:32 | buyer=buyer10 qty=1 new_stock=175 student_id=p20240063
2026-06-30 14:43:32 | buyer=buyer46 qty=1 new_stock=174 student_id=p20240063
2026-06-30 14:43:32 | buyer=buyer48 qty=1 new_stock=173 student_id=p20240063
2026-06-30 14:43:32 | buyer=buyer33 qty=1 new_stock=172 student_id=p20240063
2026-06-30 14:43:32 | buyer=buyer42 qty=1 new_stock=171 student_id=p20240063
2026-06-30 14:43:32 | buyer=buyer14 qty=1 new_stock=170 student_id=p20240063
2026-06-30 14:43:32 | buyer=buyer9 qty=1 new_stock=169 student_id=p20240063
2026-06-30 14:43:32 | buyer=buyer15 qty=1 new_stock=168 student_id=p20240063
2026-06-30 14:43:32 | buyer=buyer17 qty=1 new_stock=167 student_id=p20240063
2026-06-30 14:43:32 | buyer=buyer41 qty=1 new_stock=166 student_id=p20240063
2026-06-30 14:43:32 | buyer=buyer2 qty=1 new_stock=165 student_id=p20240063
2026-06-30 14:43:32 | buyer=buyer35 qty=1 new_stock=164 student_id=p20240063
2026-06-30 14:43:32 | buyer=buyer27 qty=1 new_stock=163 student_id=p20240063
2026-06-30 14:43:32 | buyer=buyer13 qty=1 new_stock=162 student_id=p20240063
2026-06-30 14:43:32 | buyer=buyer8 qty=1 new_stock=161 student_id=p20240063
2026-06-30 14:43:32 | buyer=buyer40 qty=1 new_stock=160 student_id=p20240063
2026-06-30 14:43:32 | buyer=buyer19 qty=1 new_stock=159 student_id=p20240063
2026-06-30 14:43:32 | buyer=buyer23 qty=1 new_stock=158 student_id=p20240063
2026-06-30 14:43:32 | buyer=buyer39 qty=1 new_stock=157 student_id=p20240063
2026-06-30 14:43:32 | buyer=buyer49 qty=1 new_stock=156 student_id=p20240063
2026-06-30 14:43:32 | buyer=buyer29 qty=1 new_stock=155 student_id=p20240063
2026-06-30 14:43:32 | buyer=buyer50 qty=1 new_stock=154 student_id=p20240063
2026-06-30 14:43:32 | buyer=buyer26 qty=1 new_stock=153 student_id=p20240063
2026-06-30 14:43:32 | buyer=buyer44 qty=1 new_stock=152 student_id=p20240063
2026-06-30 14:43:32 | buyer=buyer45 qty=1 new_stock=151 student_id=p20240063
2026-06-30 14:43:32 | buyer=buyer47 qty=1 new_stock=150 student_id=p20240063
2026-06-30 14:43:32 | buyer=buyer1 qty=1 new_stock=199 student_id=p20240063
2026-06-30 14:43:32 | buyer=buyer2 qty=1 new_stock=198 student_id=p20240063
2026-06-30 14:43:32 | buyer=buyer4 qty=1 new_stock=197 student_id=p20240063
2026-06-30 14:43:32 | buyer=buyer6 qty=1 new_stock=196 student_id=p20240063
2026-06-30 14:43:33 | buyer=buyer3 qty=1 new_stock=195 student_id=p20240063
2026-06-30 14:43:33 | buyer=buyer11 qty=1 new_stock=194 student_id=p20240063
2026-06-30 14:43:33 | buyer=buyer9 qty=1 new_stock=193 student_id=p20240063
2026-06-30 14:43:33 | buyer=buyer12 qty=1 new_stock=192 student_id=p20240063
2026-06-30 14:43:33 | buyer=buyer5 qty=1 new_stock=191 student_id=p20240063
2026-06-30 14:43:33 | buyer=buyer8 qty=1 new_stock=190 student_id=p20240063
2026-06-30 14:43:33 | buyer=buyer7 qty=1 new_stock=189 student_id=p20240063
2026-06-30 14:43:33 | buyer=buyer15 qty=1 new_stock=188 student_id=p20240063
2026-06-30 14:43:33 | buyer=buyer16 qty=1 new_stock=187 student_id=p20240063
2026-06-30 14:43:33 | buyer=buyer10 qty=1 new_stock=186 student_id=p20240063
2026-06-30 14:43:33 | buyer=buyer18 qty=1 new_stock=185 student_id=p20240063
2026-06-30 14:43:33 | buyer=buyer17 qty=1 new_stock=184 student_id=p20240063
2026-06-30 14:43:33 | buyer=buyer20 qty=1 new_stock=183 student_id=p20240063
2026-06-30 14:43:33 | buyer=buyer19 qty=1 new_stock=182 student_id=p20240063
2026-06-30 14:43:33 | buyer=buyer22 qty=1 new_stock=181 student_id=p20240063
2026-06-30 14:43:33 | buyer=buyer25 qty=1 new_stock=180 student_id=p20240063
2026-06-30 14:43:33 | buyer=buyer27 qty=1 new_stock=179 student_id=p20240063
2026-06-30 14:43:33 | buyer=buyer24 qty=1 new_stock=178 student_id=p20240063
2026-06-30 14:43:33 | buyer=buyer21 qty=1 new_stock=177 student_id=p20240063
2026-06-30 14:43:33 | buyer=buyer30 qty=1 new_stock=176 student_id=p20240063
2026-06-30 14:43:33 | buyer=buyer13 qty=1 new_stock=175 student_id=p20240063
2026-06-30 14:43:33 | buyer=buyer32 qty=1 new_stock=174 student_id=p20240063
2026-06-30 14:43:33 | buyer=buyer33 qty=1 new_stock=173 student_id=p20240063
2026-06-30 14:43:33 | buyer=buyer26 qty=1 new_stock=172 student_id=p20240063
2026-06-30 14:43:33 | buyer=buyer23 qty=1 new_stock=171 student_id=p20240063
2026-06-30 14:43:33 | buyer=buyer29 qty=1 new_stock=170 student_id=p20240063
2026-06-30 14:43:33 | buyer=buyer31 qty=1 new_stock=169 student_id=p20240063
2026-06-30 14:43:33 | buyer=buyer34 qty=1 new_stock=168 student_id=p20240063
2026-06-30 14:43:33 | buyer=buyer14 qty=1 new_stock=167 student_id=p20240063
2026-06-30 14:43:33 | buyer=buyer41 qty=1 new_stock=166 student_id=p20240063
2026-06-30 14:43:33 | buyer=buyer28 qty=1 new_stock=165 student_id=p20240063
2026-06-30 14:43:33 | buyer=buyer36 qty=1 new_stock=164 student_id=p20240063
2026-06-30 14:43:33 | buyer=buyer37 qty=1 new_stock=163 student_id=p20240063
2026-06-30 14:43:33 | buyer=buyer38 qty=1 new_stock=162 student_id=p20240063
2026-06-30 14:43:33 | buyer=buyer39 qty=1 new_stock=161 student_id=p20240063
2026-06-30 14:43:33 | buyer=buyer40 qty=1 new_stock=160 student_id=p20240063
2026-06-30 14:43:33 | buyer=buyer42 qty=1 new_stock=159 student_id=p20240063
2026-06-30 14:43:33 | buyer=buyer49 qty=1 new_stock=158 student_id=p20240063
2026-06-30 14:43:33 | buyer=buyer46 qty=1 new_stock=157 student_id=p20240063
2026-06-30 14:43:33 | buyer=buyer44 qty=1 new_stock=156 student_id=p20240063
2026-06-30 14:43:33 | buyer=buyer45 qty=1 new_stock=155 student_id=p20240063
2026-06-30 14:43:33 | buyer=buyer35 qty=1 new_stock=154 student_id=p20240063
2026-06-30 14:43:33 | buyer=buyer47 qty=1 new_stock=153 student_id=p20240063
2026-06-30 14:43:33 | buyer=buyer48 qty=1 new_stock=152 student_id=p20240063
2026-06-30 14:43:33 | buyer=buyer50 qty=1 new_stock=151 student_id=p20240063
2026-06-30 14:43:33 | buyer=buyer43 qty=1 new_stock=150 student_id=p20240063
